// Jest Snapshot v1, https://goo.gl/fbAQLP

exports[`App component renders App 1`] = `
<Fragment>
  <h1>
    X-Files Monsters of the Week
  </h1>
  ;
  <List
    monsters={Array []}
  />
</Fragment>
`;
